Loading db file '/project/designkit/TSMC_90/aci/sc-x/synopsys/slow.db'
Loading db file '/project/CK_Riscv/libs/DP_SRAM/SRAM_4096_32_ff_1.1_125.0_syn.db'
Information: Propagating switching activity (low effort zero delay simulation). (PWR-6)
Warning: Design has unannotated primary inputs. (PWR-414)
Warning: Design has unannotated sequential cell outputs. (PWR-415)
Warning: Design has unannotated black box outputs. (PWR-428)
 
****************************************
Report : power
        -analysis_effort low
Design : CHIP_TOP
Version: O-2018.06-SP1
Date   : Sat Nov 26 03:48:06 2022
****************************************


Library(s) Used:

    slow (File: /project/designkit/TSMC_90/aci/sc-x/synopsys/slow.db)
    USERLIB (File: /project/CK_Riscv/libs/DP_SRAM/SRAM_4096_32_ff_1.1_125.0_syn.db)


Operating Conditions: slow   Library: slow
Wire Load Model Mode: top


Global Operating Voltage = 0.9  
Power-specific unit information :
    Voltage Units = 1V
    Capacitance Units = 1.000000pf
    Time Units = 1ns
    Dynamic Power Units = 1mW    (derived from V,C,T units)
    Leakage Power Units = 1pW


  Cell Internal Power  =   6.6712 mW  (100%)
  Net Switching Power  =  16.1114 uW    (0%)
                         ---------
Total Dynamic Power    =   6.6873 mW  (100%)

Cell Leakage Power     =  69.9028 mW


                 Internal         Switching           Leakage            Total
Power Group      Power            Power               Power              Power   (   %    )  Attrs
--------------------------------------------------------------------------------------------------
io_pad             0.0000            0.0000            0.0000            0.0000  (   0.00%)
memory             6.0100        7.8768e-04        6.9770e+10           75.7807  (  98.94%)
black_box          0.0000            0.0000            0.0000            0.0000  (   0.00%)
clock_network      0.0000            0.0000            0.0000            0.0000  (   0.00%)
register           0.6549        2.0471e-03        4.2844e+07            0.6998  (   0.91%)
sequential         0.0000            0.0000            0.0000            0.0000  (   0.00%)
combinational  6.3022e-03        1.3276e-02        8.9961e+07            0.1095  (   0.14%)
--------------------------------------------------------------------------------------------------
Total              6.6712 mW     1.6110e-02 mW     6.9903e+10 pW        76.5901 mW
1
